+ cat /root/notes/a
remember me
and me
+ ls /root/notes
a  big  t
+ wc /root/notes/big
 131072  131072 8388608 /root/notes/big
+ tail -n 1 /root/notes/big
0123456789abcdef0123456789abcdef0123456789abcdef0123456789abcde
+ dmesg
Relay OS 0.1.0
[ ok ] console 1920x1200 (120x33 cells)
[ ok ] cpu tables
[ ok ] boot info: 15948 MiB usable in 32 regions, cmdline ''
[ ok ] memory: 15915 MiB free of 15948 MiB, heap 32 MiB
acpi: tables FACP ...
[ ok ] acpi: 30 tables, ECAM 0xc0000000 buses 0-255, HPET 0xfed00000, S5 7/0
[ ok ] timer: TSC 2496.000 MHz (CPUID 0x15), 1000 Hz tick (xAPIC)
[ ok ] rtc: 2026-09-28 14:09:17 UTC
pci: 00:0d.0 8086:461e 0c0330 USB xHCI, bar0 mem64 0x603d190000 64K
[ ok ] pci: 24 devices on buses 00 01 72, xHCI at 00:0d.0 00:14.0
xhci 00:0d.0: running
usb: 00:0d.0 xHCI 1.20, 4 ports (1 USB 2, 3 USB 3), 32-byte contexts, 34 scratchpads
xhci 00:14.0: running
usb: 00:14.0 xHCI 1.20, 16 ports (12 USB 2, 4 USB 3), 32-byte contexts, 34 scratchpads
xhci 00:14.0: port 15: connection stable after 100 ms
storage: slot 4: vendor "Kingston", product "DataTraveler 3.0", revision "PMAP", removable
storage: slot 4: 30277632 blocks of 512 bytes
xhci 00:14.0: port 10: connection stable after 100 ms
usb: 00:14.0 port 1: 046d:c534 full-speed, keyboard
usb: 00:14.0 port 3: 046d:c31c low-speed, keyboard
usb: 00:14.0 port 10: 8087:0033 full-speed, not claimed
usb: 00:14.0 port 15: 0951:1666 SuperSpeed, disk Kingston DataTraveler 3.0, 14.4 GiB
[ ok ] usb: 2 controllers, 4 devices
[ ok ] keyboard: 2 keyboards
storage: 00:14.0 port 15: GPT with 2 partitions
storage: root on 00:14.0 port 15, the disk with the boot partition 4EBD57DE-8DBB-4D34-B3B5-D18607581E70
[ ok ] mount /: ext2 on 00:14.0 port 15 partition 2, 14.3 GiB
